Gg, Gg, Gg, Gg, Gg, Ds, Ww, Ww, Wo, Wo, Ww, Ww, Ds, Gg, Gg^Fp, Gg, Hh, Hh, Hh, Hh, Hh, Hh, Gg, Hh, Hh, Hh, Hh, Hh
Gg, Gg, Gs^Vc, Gg, Gg, Ds, Ds, Ww, Wo, Wo, Wo, Ww, Ds, Gg, Gg, Hh, Hh, Hh, Gs^Vo, Gg, Gg, Gg, Gll^Fp, Gll^Fp, Hh^Fp, Hh, Hh, Hh
Gll^Fp, Gll^Fp, Gs, Gs, Gg, Gg, Ds, Ww, Ww, Wo, Wo, Ww, Ww, Ds, Gg, Gg, Gg, Hh, Hh, Hh, Hh, Gg, Hh, Hh^Fp, Hh, Hh, Hh, Hh
Gll^Fp, Gll^Fp, Gs, Gs, Gg, Gg, Ds, Ww, Ww, Wo, Wo, Ww, Ww, Ds, Ds, Gg, Gg, Hh, Hh, Hh, Gg, Gg, Gs, Gs^Vo, Hh, Hh^Fp, Hh, Hh
Gs, Gs, Gs, Gs, Gg, Gg, Gg, Ds, 1 Ww, Ww, Wo, Wo, Wo, Ww, Wwr, Ds, Gg, Hh, Gs^Vo, Gg, Gs, Gs, Hh, Hh, Hh, Hh, Gll^Fmw, Gll^Fp
Gll^Fp, Gs^Vl, Gll^Fp, Gs, Gg, Gg, Ce, Ce, Ce, Ww, Ww, Wo, Ww, Ww, Wwr, Ww, Gg, Gg, Gg, Gs, Gs^Es, Gs^Vo, Hh^Fp, Hh, Hh^Fp, Gll^Fp, Gg, Gll^Fp
Gll^Fp, Gll^Fp, Gg, Gg, Gg, Gg, Ce, Ke, Ce, Ww, Ww, Wo, Wwr, Ww, Ww, Ww, Ww, Ds, Gg, Gg, Gs, Hh, Hh, Hh, Gll^Fp, Gll^Fp, Gg, Gg
Gll^Fp, Gll^Fp, Gll^Fp, Gg, Gg, Gg, Gg, Ce, Gg, Ds, Ds, Ww, Ww, Ww, Wwr, Ww, Wwr, Ds, Ds, Gg, Gs, Gs, Hh, Hh, Hh, Hh, Gg, Gg
Gll^Fp, Gll^Fp, Gll^Fp, Gg, Gll^Fp, Gg, Gg, Gg, Gg, Gg, Ds, Wwr, Ww, Ww, Ww, Ww, Wo, Ww, Ww, Ds, Ds, Gs, Hh, Hh, Hh, Gs^Vo, Gg, Hh
Gll^Fp, Gll^Fp, Gll^Fp, Gll^Fp, Gll^Fp, Gll^Fp, Gg, Gg, Gs^Fds, Gs^Fds, Ds, Ds, Ds, Ww, Wwr, Wwr, Wo, Wo, Wo, Ww, Ww, Gs, Gs, Gs, Gs, Gg, Hh, Hh
Hh, Hh, Hh, Gll^Fp, Hh, Gg, Gg, Gg, Gs^Vc, Gg, Gs^Fds, Gg, Gg, Wwr, Wwr, Ww, Ww, Wo, Wo, Wo, Wo, Ww, Ww, Gs, Ds, Gs, Gs, Hh
Hh, Hh, Hh^Fp, Hh, Gll^Fp, Hh, Hh, Gs^Fms, Ss, Gg, Gg, Gg, Gg, Gg, Ds, Ww, Ww, Wo, Wo, Wo, Wo, Wo, Wo, Ww, Ww, Ds, Ds, Gs
Hh, Hh, Hh, Gll^Fp, Gs^Vc, Gll^Fp, Gg, Ss, Gg, Gg, Hh, Gg, Hh, Gs^Fds, Gs^Fds, Ds, Ds, Ww, Ww, Wo, Wo, Wo, Wo, Wo, Wo, Ww, Ww, Ds
Hh, Hh, Gs^Fp, Gll^Fp, Gll^Fp, Gll^Fp, Hh, Gg, Gs^Fms, Hh, Hh, Hh, Gs^Vc, Gs^Fds, Gs^Fds, Ds, Gg, Ds, Ds, Ww, Ww, Wo, Wo, Wo, Wo, Wo, Wo, Ww
Hh, Hh, Hh^Fp, Hh^Fp, Hh, Hh^Fp, Gg, Gg, Hh, Hh^Fms, Hh, Hh, Hh, Gs^Fds, Gg, Gg, Gg, Ds, Ch, Ds, Ds, Ww, Ww, Wo, Wo, Wo, Wo, Wo
Hh, Hh, Hh^Vc, Hh, Hh, Gg, Gs^Vc, Gg, Gg^Fms, Hh, Hh^Fds, Gs^Fds, Gs^Fds, Gg, Ch, Ch, Re, Re, Re, Re, Re, Ds, Ds, Ww, Wo, Wo, Wo, Wo
Hh, Hh, Hh, Hh, Gll^Fp, Gg, Gg, Gg, Gg, Hh, Gg, Gs^Fds, Gg, Gg, Gg, Re, Gs, Gs, Rr^Vhc, Gs, Re, Re^Vh, Ds, Ww, Ww, Wo, Wo, Wo
Hh, Hh, Hh, Hh, Hh, Hh, Hh, Hh, Gg, Gg, Gg, Gg, Ch, Gg, Re, Re^Vh, Gs, Gs^Fds, Gs^Fds, Gs^Fds, Gs^Es, Re, Rr, Ww^Bw/, Ww, Wo, Wo, Wo
Hh, Hh, Hh^Fms, Hh, Hh^Fms, Hh, Hh, Gg^Fms, Gg, Gg^Efm, Gg, Gg, Ch, Gg, Re, Gs, Gs, Ch, Ch, Gs^Fds, Rr, Rr, Re, Ds, Ds, Ww, Wo, Wo
Hh^Fms, Hh, Hh^Fms, Hh^Vc, Hh, Hh, Hh, Gg, Gs^Vc, Gg, Gg, Gg, Gg^Es, Re, Gs, Gs, Ch, Ch, 3 Kh, Ch, Gs^Fds, Gs, Gs, Re^Vh, Ds, Ww, Wo, Wo
Gs^Fms, Gs^Fms, Gs^Fms, Gs^Fms, Gs^Fms, Gg, Gg, Gg, Gg, Gg, Gg, Gg, Gg, Re^Vh, Re, Ch, Rr, Ch, Ch, Ch, Gs, Gs, Re, Re, Ds, Wwt, Wo, Wo
Rr, Rr, Rr, Rr, Rr, Rr, Rr, Gg, Rr, Gg, Rr, Ch, Rr, Gg, Rr, Rr, Ch, Ch, Gs, Ch, Gs, Gs, Re^Vh, Ds, Ds, Wwt, Wo, Wo
Gg, Gg, Gg, Gg, Gg, Gs, Gs, Rr, Gs, Rr, Gg, Rr, Ch, Rr, Re^Vh, Gs, Gs, Gs, Re^Vh, Gs, Re, Re, Ds, Ds, Wwt, Ww, Wo, Wo
Gg, Hh, Hh, Gg, Hh, Hh, Gs, Gs, Gg, Gg, Gg, Gg, Gg, Gg, Gg, Re, Re, Re, Re, Re, Ch, Ch, Gg, Ds, Ww, Ww, Wo, Wo
Hh, Hh, Hh, Hh, Hh, Hh, Hh, Hh, Hh, Hh, Gs, Gg, Gg, Gg, Gg, Ch, Ch, Ch, Re, Gg, Gg, Gg, Gg, Ds, Ww, Ww, Wo, Wo
Hh, Hh, Hh^Vc, Hh, Hh^Fds, Hh, Hh^Fds, Hh, Hh, Hh, Gs^Vc, Gs, Gs, Gg, Gg, Gg, Gg, Gg, Gg, Re, Gg, Gs^Fds, Gs^Fds, Ww, Ww, Wo, Wo, Wo
Hh, Hh, Hh, Hh, Gg^Fds, Hh^Fds, Hh^Fds, Hh, Hh, Hh, Hh, Hh, Gs, Gs, Gg, Gg, Gg^Efm, Gg, Gg, Re, Gs^Fds, Gs^Fds, Gs^Fds, Ww, Wo, Wo, Wo, Wo
Hh, Hh, Hh, Gg^Fms, Gg^Fds, Hh^Fds, Gg^Fds, Hh^Fds, Hh, Hh, Hh, Hh, Gs, Gs, Hh, Gg, Gg, Gg, Re, Re, Gs^Fds, Gs^Vc, Ww, Ww, Wo, Wo, Wo, Ww
Hh, Hh, Gg^Fds, Gg^Fds, Gg^Fds, Gg^Fds, Gg, Gs^Vc, Gg, Gg, Gs, Gs, Hh, Hh, Hh, Hh, Gg, Gg, Re, Gg, Gg, Gg, Ww, Ww, Wo, Wo, Ww, Hh
Hh, Gg^Fds, Hh, Hh^Fms, Hh, Gg, Hh, Gg, Gg, Gg^Efm, Gg, Hh, Hh, Hh^Fds, Hh, Gg, Gg, Re, Gg, Gg^Efm, Gg, Ds, Ww, Ww, Wo, Wo, Ww, Hh
Hh, Hh, Hh, Hh, Hh, Hh, Hh, Hh, Hh, Gg, Gg, Gg, Hh, Hh, Hh, Gg, Re, Re, Gg, Gg, Ds, Ds, Ww, Wo, Wo, Ww, Ww, Hh
Hh, Hh, Hh^Fds, Hh^Vc, Hh, Hh, Hh, Hh, Hh^Fms, Hh, Gs^Fds, Gg, Re^Gvs, Gs^Vc, Re^Gvs, Re^Gvs, Re, Gg, Gg, Gg, Ds, Ww, Wo, Wo, Ww, Ww, Hh, Hh
Hh, Hh, Hh, Hh, Hh, Hh, Hh, Hh, Gs^Fds, Gs^Fds, Gg, Gg, Gs, Re^Gvs, Re, Re, Gg, Gg, Gg, Ds, Ww, Ww, Wo, Wo, Ww, Ww, Hh, Hh
Gs^Fds, Gs^Fds, Gs^Fds, Gs^Fds, Gs^Fds, Hh, Hh, Gg, Gs^Fds, Gs^Fds, Gg, Gg, Re, Re, Gg, Gg^Es, Hh, Hh, Gg, Ds, Ww, Wo, Wo, Ww, Ww, Hh^Fp, Hh^Fp, Hh
Gs^Fds, Gs^Fds, Gs^Fds, Gs^Fds, Gs^Fds, Hh, Gs^Fds, Gg, Gg, Gg, Gg, Gg, Re, Gg, Gg, Re^Gvs, Re^Gvs, Re^Vc, Gg, Wwr, Ww, Wwr, Wwr, Ww, Ww, Hh^Fp, Hh^Fp, Hh^Fp
Gs^Fds, Gs^Fds, Gs^Fds, Gs^Fds, Gs^Fds, Gs^Fds, Gg, Gg, Gg, Ce, Ce, Gg, Re, Gg, Re^Gvs, Re^Gvs, Re^Gvs, Re, Wwr, Ww, Ww, Ww, Ww, Ww, Gll^Fp, Hh^Fp, Gg^Fp, Gg^Fp
Gs^Fds, Gs^Fds, Gs^Fds, Gs^Fds, Hh, Gs^Fds, Gg, Re^Vct, Re, Re, Re, Re, Ce, Gg, Gg, Re^Gvs, Re^Gvs, Re, Ww, Ww, Wwr, Ww, Ww, Wwr, Re, Gll^Fp, Gll^Fp, Gg^Fp
Hh, Hh^Fms, Hh^Fms, Hh, Hh, Hh, Gg, Ce, Ce, Re, Re, Re, Gg, Ce, Gg, Gg, Gg, Gg, Ww, Wwr, Wo, Wwr, Ww, Re, Gs, Re, Gll^Fp, Gll^Fp
Hh, Hh^Fms, Hh, Hh, Gg, Gg, Re^Vct, 2 Ke, Re, Re, Ce, Re, Re^Vct, Gg, Gs, Gs, Ds, Ww, Ww, Wo, Ww, Ww, Ww, Gs, Gs, Gs, Gs, Gg
Hh, Hh, Hh^Fds, Hh, Hh, Gg, Re, Re, Re, Re, Ke, Ce, Gs, Gs, Gs, Ds, Ww, Ww, Wo, Wo, Ww, Ww, Hh, Gs, Gs, Hh, Hh, Gg
Hh, Hh, Hh, Hh, Hh^Fds, Hh, Gs^Fds, Ce, Ce, Re, Re^Vct, Gs, Gs, Gs, Ds, Ds, Ww, Ww, Wo, Wo, Ww, Ww, Hh, Hh, Hh, Hh, Hh, Gs
Gs^Fds, Hh, Hh, Hh^Fds, Hh^Fds, Gs^Fds, Gs^Fds, Ce, Gs^Fds, Re, Gg, Gs, Gs, Ds, Ds, Ds, Ww, Ww, Wo, Wo, Ww, Hh, Hh, Hh, Hh, Hh, Hh, Hh
Gs^Fds, Gs^Fds, Gs^Fds, Gs^Fds, Gs^Fds, Gs^Fds, Gs^Fds, Gs^Fds, Re, Re, Gg, Gs, Gg, Gg, Gg, Ds, Ww, Ww, Wo, Wo, Ww, Hh, Hh, Hh, Hh, Hh, Hh, Hh
Gg, Gs^Fds, Gg, Gs^Fds, Gg, Gs^Fds, Gs^Fds, Gs^Fds, Re, Gg, Gg, Gg, Gg, Gg, Gg, Ds, Ww, Wo, Wo, Wo, Ww, Ww, Gg, Hh, Gg, Hh, Hh, Hh
